0 verbose cli /usr/local/bin/node /usr/local/bin/npm
1 info using npm@10.9.2
2 info using node@v23.11.1
3 silly config load:file:/usr/local/lib/node_modules/npm/npmrc
4 silly config load:file:/opt/atlassian/pipelines/agent/build/.npmrc
5 silly config load:file:/root/.npmrc
6 silly config load:file:/usr/local/etc/npmrc
7 verbose title npm install
8 verbose argv "install"
9 verbose logfile logs-max:10 dir:/root/.npm/_logs/2026-02-19T10_56_01_179Z-
10 verbose logfile /root/.npm/_logs/2026-02-19T10_56_01_179Z-debug-0.log
11 silly logfile done cleaning log files
12 silly packumentCache heap:2197815296 maxSize:549453824 maxEntrySize:274726912
13 silly idealTree buildDeps
14 verbose shrinkwrap failed to load node_modules/.package-lock.json out of date, updated: node_modules
15 silly reify moves {}
16 silly audit bulk request {
16 silly audit   '@ampproject/remapping': [ '2.2.0' ],
16 silly audit   '@babel/code-frame': [ '7.27.1' ],
16 silly audit   '@babel/compat-data': [ '7.19.4' ],
16 silly audit   '@babel/core': [ '7.19.6' ],
16 silly audit   '@babel/generator': [ '7.28.5' ],
16 silly audit   '@jridgewell/gen-mapping': [ '0.3.13', '0.1.1' ],
16 silly audit   '@babel/helper-annotate-as-pure': [ '7.18.6' ],
16 silly audit   '@babel/helper-compilation-targets': [ '7.19.3' ],
16 silly audit   '@babel/helper-create-class-features-plugin': [ '7.19.0' ],
16 silly audit   '@babel/helper-environment-visitor': [ '7.18.9' ],
16 silly audit   '@babel/helper-function-name': [ '7.19.0' ],
16 silly audit   '@babel/helper-globals': [ '7.28.0' ],
16 silly audit   '@babel/helper-member-expression-to-functions': [ '7.18.9' ],
16 silly audit   '@babel/helper-module-imports': [ '7.18.6' ],
16 silly audit   '@babel/helper-module-transforms': [ '7.19.6' ],
16 silly audit   '@babel/helper-optimise-call-expression': [ '7.18.6' ],
16 silly audit   '@babel/helper-plugin-utils': [ '7.19.0' ],
16 silly audit   '@babel/helper-replace-supers': [ '7.19.1' ],
16 silly audit   '@babel/helper-simple-access': [ '7.19.4' ],
16 silly audit   '@babel/helper-split-export-declaration': [ '7.18.6' ],
16 silly audit   '@babel/helper-string-parser': [ '7.27.1' ],
16 silly audit   '@babel/helper-validator-identifier': [ '7.28.5' ],
16 silly audit   '@babel/helper-validator-option': [ '7.18.6' ],
16 silly audit   '@babel/helpers': [ '7.28.4' ],
16 silly audit   '@babel/parser': [ '7.28.5' ],
16 silly audit   '@babel/plugin-syntax-import-meta': [ '7.10.4' ],
16 silly audit   '@babel/plugin-syntax-jsx': [ '7.18.6' ],
16 silly audit   '@babel/plugin-syntax-typescript': [ '7.18.6' ],
16 silly audit   '@babel/plugin-transform-typescript': [ '7.19.3' ],
16 silly audit   '@babel/template': [ '7.27.2' ],
16 silly audit   '@babel/traverse': [ '7.28.5' ],
16 silly audit   '@babel/types': [ '7.28.5' ],
16 silly audit   '@esbuild/android-arm': [ '0.15.18' ],
16 silly audit   '@esbuild/linux-loong64': [ '0.15.18' ],
16 silly audit   '@eslint/eslintrc': [ '1.3.3' ],
16 silly audit   globals: [ '13.17.0' ],
16 silly audit   '@humanwhocodes/config-array': [ '0.10.7' ],
16 silly audit   '@humanwhocodes/module-importer': [ '1.0.1' ],
16 silly audit   '@humanwhocodes/object-schema': [ '1.2.1' ],
16 silly audit   '@jridgewell/resolve-uri': [ '3.1.0' ],
16 silly audit   '@jridgewell/set-array': [ '1.1.2' ],
16 silly audit   '@jridgewell/sourcemap-codec': [ '1.5.5' ],
16 silly audit   '@jridgewell/trace-mapping': [ '0.3.31' ],
16 silly audit   '@kurkle/color': [ '0.3.2' ],
16 silly audit   '@nodelib/fs.scandir': [ '2.1.5' ],
16 silly audit   '@nodelib/fs.stat': [ '2.0.5' ],
16 silly audit   '@nodelib/fs.walk': [ '1.2.8' ],
16 silly audit   '@rushstack/eslint-patch': [ '1.2.0' ],
16 silly audit   '@types/json-schema': [ '7.0.11' ],
16 silly audit   '@types/node': [ '16.11.68' ],
16 silly audit   '@types/semver': [ '7.3.12' ],
16 silly audit   '@types/web-bluetooth': [ '0.0.21' ],
16 silly audit   '@typescript-eslint/eslint-plugin': [ '5.40.1' ],
16 silly audit   semver: [ '7.7.3', '5.7.2', '6.3.0' ],
16 silly audit   '@typescript-eslint/parser': [ '5.40.1' ],
16 silly audit   '@typescript-eslint/scope-manager': [ '5.40.1' ],
16 silly audit   '@typescript-eslint/type-utils': [ '5.40.1' ],
16 silly audit   '@typescript-eslint/types': [ '5.40.1' ],
16 silly audit   '@typescript-eslint/typescript-estree': [ '5.40.1' ],
16 silly audit   '@typescript-eslint/utils': [ '5.40.1' ],
16 silly audit   '@typescript-eslint/visitor-keys': [ '5.40.1' ],
16 silly audit   '@vitejs/plugin-vue': [ '3.1.2' ],
16 silly audit   '@vitejs/plugin-vue-jsx': [ '2.0.1' ],
16 silly audit   '@volar/language-core': [ '1.11.1' ],
16 silly audit   '@volar/source-map': [ '1.11.1' ],
16 silly audit   '@volar/typescript': [ '1.11.1' ],
16 silly audit   '@vue/babel-helper-vue-transform-on': [ '1.0.2' ],
16 silly audit   '@vue/babel-plugin-jsx': [ '1.1.1' ],
16 silly audit   '@vue/compiler-core': [ '3.5.22' ],
16 silly audit   '@vue/compiler-dom': [ '3.5.22' ],
16 silly audit   '@vue/compiler-sfc': [ '3.5.22' ],
16 silly audit   '@vue/compiler-ssr': [ '3.5.22' ],
16 silly audit   '@vue/devtools-api': [ '6.4.5', '7.7.7' ],
16 silly audit   '@vue/devtools-kit': [ '7.7.7' ],
16 silly audit   '@vue/devtools-shared': [ '7.7.7' ],
16 silly audit   '@vue/eslint-config-prettier': [ '7.0.0' ],
16 silly audit   '@vue/eslint-config-typescript': [ '11.0.2' ],
16 silly audit   '@vue/language-core': [ '1.8.27' ],
16 silly audit   'brace-expansion': [ '2.0.2', '1.1.12' ],
16 silly audit   minimatch: [ '9.0.5', '3.1.2' ],
16 silly audit   '@vue/reactivity': [ '3.5.22' ],
16 silly audit   '@vue/runtime-core': [ '3.5.22' ],
16 silly audit   '@vue/runtime-dom': [ '3.5.22' ],
16 silly audit   '@vue/server-renderer': [ '3.5.22' ],
16 silly audit   '@vue/shared': [ '3.5.22' ],
16 silly audit   '@vue/tsconfig': [ '0.1.3' ],
16 silly audit   '@vuelidate/core': [ '2.0.0' ],
16 silly audit   'vue-demi': [ '0.13.11' ],
16 silly audit   '@vuelidate/validators': [ '2.0.0' ],
16 silly audit   '@vueuse/core': [ '14.1.0' ],
16 silly audit   '@vueuse/metadata': [ '14.1.0' ],
16 silly audit   '@vueuse/shared': [ '14.1.0' ],
16 silly audit   acorn: [ '8.8.0' ],
16 silly audit   'acorn-jsx': [ '5.3.2' ],
16 silly audit   ajv: [ '6.12.6' ],
16 silly audit   'ansi-regex': [ '5.0.1' ],
16 silly audit   'ansi-styles': [ '3.2.1', '4.3.0' ],
16 silly audit   anymatch: [ '3.1.2' ],
16 silly audit   argparse: [ '2.0.1' ],
16 silly audit   'array-union': [ '2.1.0' ],
16 silly audit   asynckit: [ '0.4.0' ],
16 silly audit   axios: [ '1.12.0' ],
16 silly audit   'balanced-match': [ '1.0.2' ],
16 silly audit   'binary-extensions': [ '2.2.0' ],
16 silly audit   birpc: [ '2.6.1' ],
16 silly audit   boolbase: [ '1.0.0' ],
16 silly audit   braces: [ '3.0.3' ],
16 silly audit   browserslist: [ '4.21.4' ],
16 silly audit   'call-bind': [ '1.0.2' ],
16 silly audit   'call-bind-apply-helpers': [ '1.0.2' ],
16 silly audit   callsites: [ '3.1.0' ],
16 silly audit   camelcase: [ '6.3.0' ],
16 silly audit   'caniuse-lite': [ '1.0.30001423' ],
16 silly audit   chalk: [ '2.4.2', '4.1.2' ],
16 silly audit   'chart.js': [ '4.1.2' ],
16 silly audit   chokidar: [ '3.5.3' ],
16 silly audit   'glob-parent': [ '5.1.2', '6.0.2' ],
16 silly audit   'color-convert': [ '1.9.3', '2.0.1' ],
16 silly audit   'color-name': [ '1.1.3', '1.1.4' ],
16 silly audit   'combined-stream': [ '1.0.8' ],
16 silly audit   computeds: [ '0.0.1' ],
16 silly audit   'concat-map': [ '0.0.1' ],
16 silly audit   'convert-source-map': [ '1.9.0' ],
16 silly audit   'copy-anything': [ '4.0.5' ],
16 silly audit   'cross-spawn': [ '7.0.6', '6.0.6' ],
16 silly audit   cssesc: [ '3.0.0' ],
16 silly audit   csstype: [ '3.1.3' ],
16 silly audit   'de-indent': [ '1.0.2' ],
16 silly audit   debug: [ '4.3.4' ],
16 silly audit   'deep-is': [ '0.1.4' ],
16 silly audit   'define-properties': [ '1.1.4' ],
16 silly audit   'delayed-stream': [ '1.0.0' ],
16 silly audit   'dir-glob': [ '3.0.1' ],
16 silly audit   doctrine: [ '3.0.0' ],
16 silly audit   'dunder-proto': [ '1.0.1' ],
16 silly audit   'electron-to-chromium': [ '1.4.284' ],
16 silly audit   entities: [ '4.5.0' ],
16 silly audit   'error-ex': [ '1.3.2' ],
16 silly audit   'es-abstract': [ '1.20.4' ],
16 silly audit   'es-define-property': [ '1.0.1' ],
16 silly audit   'es-errors': [ '1.3.0' ],
16 silly audit   'es-object-atoms': [ '1.1.1' ],
16 silly audit   'es-set-tostringtag': [ '2.1.0' ],
16 silly audit   'es-to-primitive': [ '1.2.1' ],
16 silly audit   esbuild: [ '0.15.18' ],
16 silly audit   'esbuild-android-64': [ '0.15.18' ],
16 silly audit   'esbuild-android-arm64': [ '0.15.18' ],
16 silly audit   'esbuild-darwin-64': [ '0.15.18' ],
16 silly audit   'esbuild-darwin-arm64': [ '0.15.18' ],
16 silly audit   'esbuild-freebsd-64': [ '0.15.18' ],
16 silly audit   'esbuild-freebsd-arm64': [ '0.15.18' ],
16 silly audit   'esbuild-linux-32': [ '0.15.18' ],
16 silly audit   'esbuild-linux-64': [ '0.15.18' ],
16 silly audit   'esbuild-linux-arm': [ '0.15.18' ],
16 silly audit   'esbuild-linux-arm64': [ '0.15.18' ],
16 silly audit   'esbuild-linux-mips64le': [ '0.15.18' ],
16 silly audit   'esbuild-linux-ppc64le': [ '0.15.18' ],
16 silly audit   'esbuild-linux-riscv64': [ '0.15.18' ],
16 silly audit   'esbuild-linux-s390x': [ '0.15.18' ],
16 silly audit   'esbuild-netbsd-64': [ '0.15.18' ],
16 silly audit   'esbuild-openbsd-64': [ '0.15.18' ],
16 silly audit   'esbuild-sunos-64': [ '0.15.18' ],
16 silly audit   'esbuild-windows-32': [ '0.15.18' ],
16 silly audit   'esbuild-windows-64': [ '0.15.18' ],
16 silly audit   'esbuild-windows-arm64': [ '0.15.18' ],
16 silly audit   escalade: [ '3.1.1' ],
16 silly audit   'escape-string-regexp': [ '1.0.5', '4.0.0' ],
16 silly audit   eslint: [ '8.25.0' ],
16 silly audit   'eslint-config-prettier': [ '8.5.0' ],
16 silly audit   'eslint-plugin-prettier': [ '4.2.1' ],
16 silly audit   'eslint-plugin-vue': [ '9.6.0' ],
16 silly audit   'eslint-scope': [ '5.1.1', '7.1.1' ],
16 silly audit   'eslint-utils': [ '3.0.0' ],
16 silly audit   'eslint-visitor-keys': [ '2.1.0', '3.3.0' ],
16 silly audit   estraverse: [ '5.3.0', '4.3.0' ],
16 silly audit   'has-flag': [ '4.0.0', '3.0.0' ],
16 silly audit   'supports-color': [ '7.2.0', '5.5.0' ],
16 silly audit   espree: [ '9.4.0' ],
16 silly audit   esquery: [ '1.4.0' ],
16 silly audit   esrecurse: [ '4.3.0' ],
16 silly audit   'estree-walker': [ '2.0.2' ],
16 silly audit   esutils: [ '2.0.3' ],
16 silly audit   'fast-deep-equal': [ '3.1.3' ],
16 silly audit   'fast-diff': [ '1.2.0' ],
16 silly audit   'fast-glob': [ '3.2.12' ],
16 silly audit   'fast-json-stable-stringify': [ '2.1.0' ],
16 silly audit   'fast-levenshtein': [ '2.0.6' ],
16 silly audit   fastq: [ '1.13.0' ],
16 silly audit   'file-entry-cache': [ '6.0.1' ],
16 silly audit   'fill-range': [ '7.1.1' ],
16 silly audit   'find-up': [ '5.0.0' ],
16 silly audit   'flat-cache': [ '3.0.4' ],
16 silly audit   flatted: [ '3.2.7' ],
16 silly audit   'follow-redirects': [ '1.15.11' ],
16 silly audit   'form-data': [ '4.0.4' ],
16 silly audit   'fs.realpath': [ '1.0.0' ],
16 silly audit   fsevents: [ '2.3.2' ],
16 silly audit   'function-bind': [ '1.1.2' ],
16 silly audit   'function.prototype.name': [ '1.1.5' ],
16 silly audit   'functions-have-names': [ '1.2.3' ],
16 silly audit   gensync: [ '1.0.0-beta.2' ],
16 silly audit   'get-intrinsic': [ '1.3.0' ],
16 silly audit   'get-proto': [ '1.0.1' ],
16 silly audit   'get-symbol-description': [ '1.0.0' ],
16 silly audit   glob: [ '7.2.3' ],
16 silly audit   globby: [ '11.1.0' ],
16 silly audit   gopd: [ '1.2.0' ],
16 silly audit   'graceful-fs': [ '4.2.10' ],
16 silly audit   'grapheme-splitter': [ '1.0.4' ],
16 silly audit   has: [ '1.0.3' ],
16 silly audit   'has-bigints': [ '1.0.2' ],
16 silly audit   'has-property-descriptors': [ '1.0.0' ],
16 silly audit   'has-symbols': [ '1.1.0' ],
16 silly audit   'has-tostringtag': [ '1.0.2' ],
16 silly audit   hasown: [ '2.0.2' ],
16 silly audit   he: [ '1.2.0' ],
16 silly audit   hookable: [ '5.5.3' ],
16 silly audit   'hosted-git-info': [ '2.8.9' ],
16 silly audit   'html-tags': [ '3.2.0' ],
16 silly audit   ignore: [ '5.2.0' ],
16 silly audit   immutable: [ '4.1.0' ],
16 silly audit   'import-fresh': [ '3.3.0' ],
16 silly audit   imurmurhash: [ '0.1.4' ],
16 silly audit   inflight: [ '1.0.6' ],
16 silly audit   inherits: [ '2.0.4' ],
16 silly audit   'internal-slot': [ '1.0.3' ],
16 silly audit   'is-arrayish': [ '0.2.1' ],
16 silly audit   'is-bigint': [ '1.0.4' ],
16 silly audit   'is-binary-path': [ '2.1.0' ],
16 silly audit   'is-boolean-object': [ '1.1.2' ],
16 silly audit   'is-callable': [ '1.2.7' ],
16 silly audit   'is-core-module': [ '2.11.0' ],
16 silly audit   'is-date-object': [ '1.0.5' ],
16 silly audit   'is-extglob': [ '2.1.1' ],
16 silly audit   'is-glob': [ '4.0.3' ],
16 silly audit   'is-negative-zero': [ '2.0.2' ],
16 silly audit   'is-number': [ '7.0.0' ],
16 silly audit   'is-number-object': [ '1.0.7' ],
16 silly audit   'is-regex': [ '1.1.4' ],
16 silly audit   'is-shared-array-buffer': [ '1.0.2' ],
16 silly audit   'is-string': [ '1.0.7' ],
16 silly audit   'is-symbol': [ '1.0.4' ],
16 silly audit   'is-weakref': [ '1.0.2' ],
16 silly audit   'is-what': [ '5.5.0' ],
16 silly audit   isexe: [ '2.0.0' ],
16 silly audit   'js-sdsl': [ '4.1.5' ],
16 silly audit   'js-tokens': [ '4.0.0' ],
16 silly audit   'js-yaml': [ '4.1.1' ],
16 silly audit   jsesc: [ '3.1.0' ],
16 silly audit   'json-parse-better-errors': [ '1.0.2' ],
16 silly audit   'json-schema-traverse': [ '0.4.1' ],
16 silly audit   'json-stable-stringify-without-jsonify': [ '1.0.1' ],
16 silly audit   json5: [ '2.2.3' ],
16 silly audit   levn: [ '0.4.1' ],
16 silly audit   'load-json-file': [ '4.0.0' ],
16 silly audit   'locate-path': [ '6.0.0' ],
16 silly audit   lodash: [ '4.17.21' ],
16 silly audit   'lodash.merge': [ '4.6.2' ],
16 silly audit   'magic-string': [ '0.30.21' ],
16 silly audit   'math-intrinsics': [ '1.1.0' ],
16 silly audit   memorystream: [ '0.3.1' ],
16 silly audit   merge2: [ '1.4.1' ],
16 silly audit   micromatch: [ '4.0.8' ],
16 silly audit   'mime-db': [ '1.52.0' ],
16 silly audit   'mime-types': [ '2.1.35' ],
16 silly audit   mitt: [ '3.0.1' ],
16 silly audit   moment: [ '2.29.4' ],
16 silly audit   ms: [ '2.1.2' ],
16 silly audit   'muggle-string': [ '0.3.1' ],
16 silly audit   nanoid: [ '3.3.11' ],
16 silly audit   'natural-compare': [ '1.4.0' ],
16 silly audit   'nice-try': [ '1.0.5' ],
16 silly audit   'node-releases': [ '2.0.6' ],
16 silly audit   'normalize-package-data': [ '2.5.0' ],
16 silly audit   'normalize-path': [ '3.0.0' ],
16 silly audit   'npm-run-all': [ '4.1.5' ],
16 silly audit   'path-key': [ '2.0.1', '3.1.1' ],
16 silly audit   'shebang-command': [ '1.2.0', '2.0.0' ],
16 silly audit   'shebang-regex': [ '1.0.0', '3.0.0' ],
16 silly audit   which: [ '1.3.1', '2.0.2' ],
16 silly audit   'nth-check': [ '2.1.1' ],
16 silly audit   'object-inspect': [ '1.12.2' ],
16 silly audit   'object-keys': [ '1.1.1' ],
16 silly audit   'object.assign': [ '4.1.4' ],
16 silly audit   once: [ '1.4.0' ],
16 silly audit   optionator: [ '0.9.1' ],
16 silly audit   'p-limit': [ '3.1.0' ],
16 silly audit   'p-locate': [ '5.0.0' ],
16 silly audit   'parent-module': [ '1.0.1' ],
16 silly audit   'parse-json': [ '4.0.0' ],
16 silly audit   'path-browserify': [ '1.0.1' ],
16 silly audit   'path-exists': [ '4.0.0' ],
16 silly audit   'path-is-absolute': [ '1.0.1' ],
16 silly audit   'path-parse': [ '1.0.7' ],
16 silly audit   'path-type': [ '4.0.0', '3.0.0' ],
16 silly audit   'perfect-debounce': [ '1.0.0' ],
16 silly audit   picocolors: [ '1.1.1' ],
16 silly audit   picomatch: [ '2.3.1' ],
16 silly audit   pidtree: [ '0.3.1' ],
16 silly audit   pify: [ '3.0.0' ],
16 silly audit   pinia: [ '3.0.3' ],
16 silly audit   postcss: [ '8.5.6' ],
16 silly audit   'postcss-selector-parser': [ '6.0.10' ],
16 silly audit   'prelude-ls': [ '1.2.1' ],
16 silly audit   prettier: [ '2.7.1' ],
16 silly audit   'prettier-linter-helpers': [ '1.0.0' ],
16 silly audit   primeflex: [ '3.2.1' ],
16 silly audit   primeicons: [ '6.0.1' ],
16 silly audit   primevue: [ '3.21.0' ],
16 silly audit   'proxy-from-env': [ '1.1.0' ],
16 silly audit   punycode: [ '2.1.1' ],
16 silly audit   'queue-microtask': [ '1.2.3' ],
16 silly audit   'read-pkg': [ '3.0.0' ],
16 silly audit   readdirp: [ '3.6.0' ],
16 silly audit   'regexp.prototype.flags': [ '1.4.3' ],
16 silly audit   regexpp: [ '3.2.0' ],
16 silly audit   resolve: [ '1.22.1' ],
16 silly audit   'resolve-from': [ '4.0.0' ],
16 silly audit   reusify: [ '1.0.4' ],
16 silly audit   rfdc: [ '1.4.1' ],
16 silly audit   rimraf: [ '3.0.2' ],
16 silly audit   rollup: [ '2.79.2' ],
16 silly audit   'run-parallel': [ '1.2.0' ],
16 silly audit   'safe-regex-test': [ '1.0.0' ],
16 silly audit   sass: [ '1.55.0' ],
16 silly audit   'shell-quote': [ '1.7.4' ],
16 silly audit   'side-channel': [ '1.0.4' ],
16 silly audit   slash: [ '3.0.0' ],
16 silly audit   'source-map-js': [ '1.2.1' ],
16 silly audit   'spdx-correct': [ '3.1.1' ],
16 silly audit   'spdx-exceptions': [ '2.3.0' ],
16 silly audit   'spdx-expression-parse': [ '3.0.1' ],
16 silly audit   'spdx-license-ids': [ '3.0.12' ],
16 silly audit   speakingurl: [ '14.0.1' ],
16 silly audit   'string.prototype.padend': [ '3.1.3' ],
16 silly audit   'string.prototype.trimend': [ '1.0.5' ],
16 silly audit   'string.prototype.trimstart': [ '1.0.5' ],
16 silly audit   'strip-ansi': [ '6.0.1' ],
16 silly audit   'strip-bom': [ '3.0.0' ],
16 silly audit   'strip-json-comments': [ '3.1.1' ],
16 silly audit   superjson: [ '2.2.5' ],
16 silly audit   'supports-preserve-symlinks-flag': [ '1.0.0' ],
16 silly audit   'svg-tags': [ '1.0.0' ],
16 silly audit   'text-table': [ '0.2.0' ],
16 silly audit   'to-regex-range': [ '5.0.1' ],
16 silly audit   tslib: [ '1.14.1' ],
16 silly audit   tsutils: [ '3.21.0' ],
16 silly audit   'type-check': [ '0.4.0' ],
16 silly audit   'type-fest': [ '0.20.2' ],
16 silly audit   typescript: [ '4.7.4' ],
16 silly audit   'unbox-primitive': [ '1.0.2' ],
16 silly audit   'update-browserslist-db': [ '1.0.10' ],
16 silly audit   'uri-js': [ '4.4.1' ],
16 silly audit   'util-deprecate': [ '1.0.2' ],
16 silly audit   'validate-npm-package-license': [ '3.0.4' ],
16 silly audit   vite: [ '3.2.11' ],
16 silly audit   vue: [ '3.5.22' ],
16 silly audit   'vue-eslint-parser': [ '9.1.0' ],
16 silly audit   'vue-moment': [ '4.1.0' ],
16 silly audit   'vue-router': [ '4.1.5' ],
16 silly audit   'vue-template-compiler': [ '2.7.16' ],
16 silly audit   'vue-tsc': [ '1.8.27' ],
16 silly audit   vuex: [ '4.1.0' ],
16 silly audit   'vuex-extensions': [ '4.0.0' ],
16 silly audit   'which-boxed-primitive': [ '1.0.2' ],
16 silly audit   'word-wrap': [ '1.2.5' ],
16 silly audit   wrappy: [ '1.0.2' ],
16 silly audit   'xml-name-validator': [ '4.0.0' ],
16 silly audit   'yocto-queue': [ '0.1.0' ]
16 silly audit }
17 verbose reify failed optional dependency /opt/atlassian/pipelines/agent/build/node_modules/fsevents
18 silly reify mark deleted [ '/opt/atlassian/pipelines/agent/build/node_modules/fsevents' ]
19 verbose reify failed optional dependency /opt/atlassian/pipelines/agent/build/node_modules/esbuild-windows-arm64
20 silly reify mark deleted [
20 silly reify   '/opt/atlassian/pipelines/agent/build/node_modules/esbuild-windows-arm64'
20 silly reify ]
21 verbose reify failed optional dependency /opt/atlassian/pipelines/agent/build/node_modules/esbuild-windows-64
22 silly reify mark deleted [
22 silly reify   '/opt/atlassian/pipelines/agent/build/node_modules/esbuild-windows-64'
22 silly reify ]
23 verbose reify failed optional dependency /opt/atlassian/pipelines/agent/build/node_modules/esbuild-windows-32
24 silly reify mark deleted [
24 silly reify   '/opt/atlassian/pipelines/agent/build/node_modules/esbuild-windows-32'
24 silly reify ]
25 verbose reify failed optional dependency /opt/atlassian/pipelines/agent/build/node_modules/esbuild-sunos-64
26 silly reify mark deleted [
26 silly reify   '/opt/atlassian/pipelines/agent/build/node_modules/esbuild-sunos-64'
26 silly reify ]
27 verbose reify failed optional dependency /opt/atlassian/pipelines/agent/build/node_modules/esbuild-openbsd-64
28 silly reify mark deleted [
28 silly reify   '/opt/atlassian/pipelines/agent/build/node_modules/esbuild-openbsd-64'
28 silly reify ]
29 verbose reify failed optional dependency /opt/atlassian/pipelines/agent/build/node_modules/esbuild-netbsd-64
30 silly reify mark deleted [
30 silly reify   '/opt/atlassian/pipelines/agent/build/node_modules/esbuild-netbsd-64'
30 silly reify ]
31 verbose reify failed optional dependency /opt/atlassian/pipelines/agent/build/node_modules/esbuild-linux-s390x
32 silly reify mark deleted [
32 silly reify   '/opt/atlassian/pipelines/agent/build/node_modules/esbuild-linux-s390x'
32 silly reify ]
33 verbose reify failed optional dependency /opt/atlassian/pipelines/agent/build/node_modules/esbuild-linux-riscv64
34 silly reify mark deleted [
34 silly reify   '/opt/atlassian/pipelines/agent/build/node_modules/esbuild-linux-riscv64'
34 silly reify ]
35 verbose reify failed optional dependency /opt/atlassian/pipelines/agent/build/node_modules/esbuild-linux-ppc64le
36 silly reify mark deleted [
36 silly reify   '/opt/atlassian/pipelines/agent/build/node_modules/esbuild-linux-ppc64le'
36 silly reify ]
37 verbose reify failed optional dependency /opt/atlassian/pipelines/agent/build/node_modules/esbuild-linux-mips64le
38 silly reify mark deleted [
38 silly reify   '/opt/atlassian/pipelines/agent/build/node_modules/esbuild-linux-mips64le'
38 silly reify ]
39 verbose reify failed optional dependency /opt/atlassian/pipelines/agent/build/node_modules/esbuild-linux-arm64
40 silly reify mark deleted [
40 silly reify   '/opt/atlassian/pipelines/agent/build/node_modules/esbuild-linux-arm64'
40 silly reify ]
41 verbose reify failed optional dependency /opt/atlassian/pipelines/agent/build/node_modules/esbuild-linux-arm
42 silly reify mark deleted [
42 silly reify   '/opt/atlassian/pipelines/agent/build/node_modules/esbuild-linux-arm'
42 silly reify ]
43 verbose reify failed optional dependency /opt/atlassian/pipelines/agent/build/node_modules/esbuild-linux-32
44 silly reify mark deleted [
44 silly reify   '/opt/atlassian/pipelines/agent/build/node_modules/esbuild-linux-32'
44 silly reify ]
45 verbose reify failed optional dependency /opt/atlassian/pipelines/agent/build/node_modules/esbuild-freebsd-arm64
46 silly reify mark deleted [
46 silly reify   '/opt/atlassian/pipelines/agent/build/node_modules/esbuild-freebsd-arm64'
46 silly reify ]
47 verbose reify failed optional dependency /opt/atlassian/pipelines/agent/build/node_modules/esbuild-freebsd-64
48 silly reify mark deleted [
48 silly reify   '/opt/atlassian/pipelines/agent/build/node_modules/esbuild-freebsd-64'
48 silly reify ]
49 verbose reify failed optional dependency /opt/atlassian/pipelines/agent/build/node_modules/esbuild-darwin-arm64
50 silly reify mark deleted [
50 silly reify   '/opt/atlassian/pipelines/agent/build/node_modules/esbuild-darwin-arm64'
50 silly reify ]
51 verbose reify failed optional dependency /opt/atlassian/pipelines/agent/build/node_modules/esbuild-darwin-64
52 silly reify mark deleted [
52 silly reify   '/opt/atlassian/pipelines/agent/build/node_modules/esbuild-darwin-64'
52 silly reify ]
53 verbose reify failed optional dependency /opt/atlassian/pipelines/agent/build/node_modules/esbuild-android-arm64
54 silly reify mark deleted [
54 silly reify   '/opt/atlassian/pipelines/agent/build/node_modules/esbuild-android-arm64'
54 silly reify ]
55 verbose reify failed optional dependency /opt/atlassian/pipelines/agent/build/node_modules/esbuild-android-64
56 silly reify mark deleted [
56 silly reify   '/opt/atlassian/pipelines/agent/build/node_modules/esbuild-android-64'
56 silly reify ]
57 verbose reify failed optional dependency /opt/atlassian/pipelines/agent/build/node_modules/@esbuild/linux-loong64
58 silly reify mark deleted [
58 silly reify   '/opt/atlassian/pipelines/agent/build/node_modules/@esbuild/linux-loong64'
58 silly reify ]
59 verbose reify failed optional dependency /opt/atlassian/pipelines/agent/build/node_modules/@esbuild/android-arm
60 silly reify mark deleted [
60 silly reify   '/opt/atlassian/pipelines/agent/build/node_modules/@esbuild/android-arm'
60 silly reify ]
61 http fetch POST 200 https://registry.npmjs.org/-/npm/v1/security/advisories/bulk 453ms
62 silly audit report {
62 silly audit report   semver: [
62 silly audit report     {
62 silly audit report       id: 1112922,
62 silly audit report       url: 'https://github.com/advisories/GHSA-c2qf-rxjj-qqgw',
62 silly audit report       title: 'semver vulnerable to Regular Expression Denial of Service',
62 silly audit report       severity: 'high',
62 silly audit report       vulnerable_versions: '>=6.0.0 <6.3.1',
62 silly audit report       cwe: [Array],
62 silly audit report       cvss: [Object]
62 silly audit report     }
62 silly audit report   ],
62 silly audit report   minimatch: [
62 silly audit report     {
62 silly audit report       id: 1113296,
62 silly audit report       url: 'https://github.com/advisories/GHSA-3ppc-4f35-3m26',
62 silly audit report       title: 'minimatch has a ReDoS via repeated wildcards with non-matching literal in pattern',
62 silly audit report       severity: 'high',
62 silly audit report       vulnerable_versions: '<10.2.1',
62 silly audit report       cwe: [Array],
62 silly audit report       cvss: [Object]
62 silly audit report     }
62 silly audit report   ],
62 silly audit report   ajv: [
62 silly audit report     {
62 silly audit report       id: 1113214,
62 silly audit report       url: 'https://github.com/advisories/GHSA-2g4f-4pwh-qvx6',
62 silly audit report       title: 'ajv has ReDoS when using `$data` option',
62 silly audit report       severity: 'moderate',
62 silly audit report       vulnerable_versions: '<8.18.0',
62 silly audit report       cwe: [Array],
62 silly audit report       cvss: [Object]
62 silly audit report     }
62 silly audit report   ],
62 silly audit report   axios: [
62 silly audit report     {
62 silly audit report       id: 1113275,
62 silly audit report       url: 'https://github.com/advisories/GHSA-43fc-jf86-j433',
62 silly audit report       title: 'Axios is Vulnerable to Denial of Service via __proto__ Key in mergeConfig',
62 silly audit report       severity: 'high',
62 silly audit report       vulnerable_versions: '>=1.0.0 <=1.13.4',
62 silly audit report       cwe: [Array],
62 silly audit report       cvss: [Object]
62 silly audit report     }
62 silly audit report   ],
62 silly audit report   esbuild: [
62 silly audit report     {
62 silly audit report       id: 1102341,
62 silly audit report       url: 'https://github.com/advisories/GHSA-67mh-4wv8-2f99',
62 silly audit report       title: 'esbuild enables any website to send any requests to the development server and read the response',
62 silly audit report       severity: 'moderate',
62 silly audit report       vulnerable_versions: '<=0.24.2',
62 silly audit report       cwe: [Array],
62 silly audit report       cvss: [Object]
62 silly audit report     }
62 silly audit report   ],
62 silly audit report   lodash: [
62 silly audit report     {
62 silly audit report       id: 1112455,
62 silly audit report       url: 'https://github.com/advisories/GHSA-xxjr-mmjv-4gpg',
62 silly audit report       title: 'Lodash has Prototype Pollution Vulnerability in `_.unset` and `_.omit` functions',
62 silly audit report       severity: 'moderate',
62 silly audit report       vulnerable_versions: '>=4.0.0 <=4.17.22',
62 silly audit report       cwe: [Array],
62 silly audit report       cvss: [Object]
62 silly audit report     }
62 silly audit report   ],
62 silly audit report   vite: [
62 silly audit report     {
62 silly audit report       id: 1102436,
62 silly audit report       url: 'https://github.com/advisories/GHSA-vg6x-rcgg-rjx6',
62 silly audit report       title: 'Websites were able to send any requests to the development server and read the response in vite',
62 silly audit report       severity: 'moderate',
62 silly audit report       vulnerable_versions: '<=4.5.5',
62 silly audit report       cwe: [Array],
62 silly audit report       cvss: [Object]
62 silly audit report     },
62 silly audit report     {
62 silly audit report       id: 1103516,
62 silly audit report       url: 'https://github.com/advisories/GHSA-x574-m823-4x7w',
62 silly audit report       title: 'Vite bypasses server.fs.deny when using ?raw??',
62 silly audit report       severity: 'moderate',
62 silly audit report       vulnerable_versions: '<4.5.10',
62 silly audit report       cwe: [Array],
62 silly audit report       cvss: [Object]
62 silly audit report     },
62 silly audit report     {
62 silly audit report       id: 1103883,
62 silly audit report       url: 'https://github.com/advisories/GHSA-356w-63v5-8wf4',
62 silly audit report       title: 'Vite has an `server.fs.deny` bypass with an invalid `request-target`',
62 silly audit report       severity: 'moderate',
62 silly audit report       vulnerable_versions: '<4.5.13',
62 silly audit report       cwe: [Array],
62 silly audit report       cvss: [Object]
62 silly audit report     },
62 silly audit report     {
62 silly audit report       id: 1104172,
62 silly audit report       url: 'https://github.com/advisories/GHSA-859w-5945-r5v3',
62 silly audit report       title: "Vite's server.fs.deny bypassed with /. for files under project root",
62 silly audit report       severity: 'moderate',
62 silly audit report       vulnerable_versions: '<=4.5.13',
62 silly audit report       cwe: [Array],
62 silly audit report       cvss: [Object]
62 silly audit report     },
62 silly audit report     {
62 silly audit report       id: 1104201,
62 silly audit report       url: 'https://github.com/advisories/GHSA-xcj6-pq6g-qj4x',
62 silly audit report       title: 'Vite allows server.fs.deny to be bypassed with .svg or relative paths',
62 silly audit report       severity: 'moderate',
62 silly audit report       vulnerable_versions: '<4.5.12',
62 silly audit report       cwe: [Array],
62 silly audit report       cvss: [Object]
62 silly audit report     },
62 silly audit report     {
62 silly audit report       id: 1107323,
62 silly audit report       url: 'https://github.com/advisories/GHSA-g4jq-h2w9-997c',
62 silly audit report       title: 'Vite middleware may serve files starting with the same name with the public directory',
62 silly audit report       severity: 'low',
62 silly audit report       vulnerable_versions: '<=5.4.19',
62 silly audit report       cwe: [Array],
62 silly audit report       cvss: [Object]
62 silly audit report     },
62 silly audit report     {
62 silly audit report       id: 1107327,
62 silly audit report       url: 'https://github.com/advisories/GHSA-jqfw-vq24-v9c3',
62 silly audit report       title: "Vite's `server.fs` settings were not applied to HTML files",
62 silly audit report       severity: 'low',
62 silly audit report       vulnerable_versions: '<=5.4.19',
62 silly audit report       cwe: [Array],
62 silly audit report       cvss: [Object]
62 silly audit report     },
62 silly audit report     {
62 silly audit report       id: 1109133,
62 silly audit report       url: 'https://github.com/advisories/GHSA-93m4-6634-74q7',
62 silly audit report       title: 'vite allows server.fs.deny bypass via backslash on Windows',
62 silly audit report       severity: 'moderate',
62 silly audit report       vulnerable_versions: '>=3.2.9 <4.0.0',
62 silly audit report       cwe: [Array],
62 silly audit report       cvss: [Object]
62 silly audit report     },
62 silly audit report     {
62 silly audit report       id: 1112510,
62 silly audit report       url: 'https://github.com/advisories/GHSA-4r4m-qw57-chr8',
62 silly audit report       title: 'Vite has a `server.fs.deny` bypassed for `inline` and `raw` with `?import` query',
62 silly audit report       severity: 'moderate',
62 silly audit report       vulnerable_versions: '<4.5.11',
62 silly audit report       cwe: [Array],
62 silly audit report       cvss: [Object]
62 silly audit report     }
62 silly audit report   ],
62 silly audit report   'vue-template-compiler': [
62 silly audit report     {
62 silly audit report       id: 1111772,
62 silly audit report       url: 'https://github.com/advisories/GHSA-g3ch-rx76-35fx',
62 silly audit report       title: 'vue-template-compiler vulnerable to client-side Cross-Site Scripting (XSS)',
62 silly audit report       severity: 'moderate',
62 silly audit report       vulnerable_versions: '>=2.0.0 <3.0.0',
62 silly audit report       cwe: [Array],
62 silly audit report       cvss: [Object]
62 silly audit report     }
62 silly audit report   ]
62 silly audit report }
63 silly packumentCache corgi:https://registry.npmjs.org/semver cache-miss
64 silly packumentCache corgi:https://registry.npmjs.org/minimatch cache-miss
65 silly packumentCache corgi:https://registry.npmjs.org/ajv cache-miss
66 silly packumentCache corgi:https://registry.npmjs.org/axios cache-miss
67 silly packumentCache corgi:https://registry.npmjs.org/esbuild cache-miss
68 silly packumentCache corgi:https://registry.npmjs.org/lodash cache-miss
69 silly packumentCache corgi:https://registry.npmjs.org/vite cache-miss
70 silly packumentCache corgi:https://registry.npmjs.org/vue-template-compiler cache-miss
71 http fetch GET 200 https://registry.npmjs.org/lodash 184ms (cache miss)
72 silly packumentCache corgi:https://registry.npmjs.org/lodash set size:undefined disposed:false
73 http fetch GET 200 https://registry.npmjs.org/semver 194ms (cache miss)
74 silly packumentCache corgi:https://registry.npmjs.org/semver set size:undefined disposed:false
75 http fetch GET 200 https://registry.npmjs.org/minimatch 203ms (cache miss)
76 silly packumentCache corgi:https://registry.npmjs.org/minimatch set size:undefined disposed:false
77 http fetch GET 200 https://registry.npmjs.org/vue-template-compiler 207ms (cache miss)
78 silly packumentCache corgi:https://registry.npmjs.org/vue-template-compiler set size:undefined disposed:false
79 http fetch GET 200 https://registry.npmjs.org/ajv 221ms (cache miss)
80 silly packumentCache corgi:https://registry.npmjs.org/ajv set size:undefined disposed:false
81 http fetch GET 200 https://registry.npmjs.org/esbuild 252ms (cache miss)
82 silly packumentCache corgi:https://registry.npmjs.org/esbuild set size:undefined disposed:false
83 http fetch GET 200 https://registry.npmjs.org/vite 274ms (cache miss)
84 silly packumentCache corgi:https://registry.npmjs.org/vite set size:undefined disposed:false
85 http fetch GET 200 https://registry.npmjs.org/axios 489ms (cache miss)
86 silly packumentCache corgi:https://registry.npmjs.org/axios set size:undefined disposed:false
87 silly packumentCache corgi:https://registry.npmjs.org/@babel%2fcore cache-miss
88 silly packumentCache corgi:https://registry.npmjs.org/@babel%2fhelper-compilation-targets cache-miss
89 http fetch GET 200 https://registry.npmjs.org/@babel%2fhelper-compilation-targets 31ms (cache miss)
90 silly packumentCache corgi:https://registry.npmjs.org/@babel%2fhelper-compilation-targets set size:undefined disposed:false
91 http fetch GET 200 https://registry.npmjs.org/@babel%2fcore 50ms (cache miss)
92 silly packumentCache corgi:https://registry.npmjs.org/@babel%2fcore set size:undefined disposed:false
93 silly packumentCache corgi:https://registry.npmjs.org/@vue%2flanguage-core cache-miss
94 silly packumentCache corgi:https://registry.npmjs.org/@eslint%2feslintrc cache-miss
95 silly packumentCache corgi:https://registry.npmjs.org/@humanwhocodes%2fconfig-array cache-miss
96 silly packumentCache corgi:https://registry.npmjs.org/eslint cache-miss
97 silly packumentCache corgi:https://registry.npmjs.org/glob cache-miss
98 silly packumentCache corgi:https://registry.npmjs.org/npm-run-all cache-miss
99 http fetch GET 200 https://registry.npmjs.org/npm-run-all 40ms (cache miss)
100 silly packumentCache corgi:https://registry.npmjs.org/npm-run-all set size:undefined disposed:false
101 http fetch GET 200 https://registry.npmjs.org/glob 65ms (cache miss)
102 silly packumentCache corgi:https://registry.npmjs.org/glob set size:undefined disposed:false
103 http fetch GET 200 https://registry.npmjs.org/@eslint%2feslintrc 104ms (cache miss)
104 silly packumentCache corgi:https://registry.npmjs.org/@eslint%2feslintrc set size:undefined disposed:false
105 http fetch GET 200 https://registry.npmjs.org/@humanwhocodes%2fconfig-array 112ms (cache miss)
106 silly packumentCache corgi:https://registry.npmjs.org/@humanwhocodes%2fconfig-array set size:undefined disposed:false
107 http fetch GET 200 https://registry.npmjs.org/@vue%2flanguage-core 118ms (cache miss)
108 silly packumentCache corgi:https://registry.npmjs.org/@vue%2flanguage-core set size:undefined disposed:false
109 http fetch GET 200 https://registry.npmjs.org/eslint 129ms (cache miss)
110 silly packumentCache corgi:https://registry.npmjs.org/eslint set size:undefined disposed:false
111 silly packumentCache corgi:https://registry.npmjs.org/vue-eslint-parser cache-miss
112 http fetch GET 200 https://registry.npmjs.org/vue-eslint-parser 47ms (cache miss)
113 silly packumentCache corgi:https://registry.npmjs.org/vue-eslint-parser set size:undefined disposed:false
114 silly packumentCache corgi:https://registry.npmjs.org/@vitejs%2fplugin-vue cache-miss
115 silly packumentCache corgi:https://registry.npmjs.org/@vitejs%2fplugin-vue-jsx cache-miss
116 http fetch GET 200 https://registry.npmjs.org/@vitejs%2fplugin-vue-jsx 49ms (cache miss)
117 silly packumentCache corgi:https://registry.npmjs.org/@vitejs%2fplugin-vue-jsx set size:undefined disposed:false
118 http fetch GET 200 https://registry.npmjs.org/@vitejs%2fplugin-vue 86ms (cache miss)
119 silly packumentCache corgi:https://registry.npmjs.org/@vitejs%2fplugin-vue set size:undefined disposed:false
120 silly packumentCache corgi:https://registry.npmjs.org/rimraf cache-miss
121 http fetch GET 200 https://registry.npmjs.org/rimraf 33ms (cache miss)
122 silly packumentCache corgi:https://registry.npmjs.org/rimraf set size:undefined disposed:false
123 silly packumentCache corgi:https://registry.npmjs.org/vue-tsc cache-miss
124 http fetch GET 200 https://registry.npmjs.org/vue-tsc 33ms (cache miss)
125 silly packumentCache corgi:https://registry.npmjs.org/vue-tsc set size:undefined disposed:false
126 silly packumentCache corgi:https://registry.npmjs.org/@typescript-eslint%2feslint-plugin cache-miss
127 silly packumentCache corgi:https://registry.npmjs.org/@typescript-eslint%2fparser cache-miss
128 silly packumentCache corgi:https://registry.npmjs.org/@typescript-eslint%2ftype-utils cache-miss
129 silly packumentCache corgi:https://registry.npmjs.org/@typescript-eslint%2futils cache-miss
130 silly packumentCache corgi:https://registry.npmjs.org/@vue%2feslint-config-prettier cache-miss
131 silly packumentCache corgi:https://registry.npmjs.org/@vue%2feslint-config-typescript cache-miss
132 silly packumentCache corgi:https://registry.npmjs.org/eslint-config-prettier cache-miss
133 silly packumentCache corgi:https://registry.npmjs.org/eslint-plugin-prettier cache-miss
134 silly packumentCache corgi:https://registry.npmjs.org/eslint-plugin-vue cache-miss
135 silly packumentCache corgi:https://registry.npmjs.org/eslint-utils cache-miss
136 http fetch GET 200 https://registry.npmjs.org/eslint-plugin-prettier 132ms (cache miss)
137 silly packumentCache corgi:https://registry.npmjs.org/eslint-plugin-prettier set size:undefined disposed:false
138 http fetch GET 200 https://registry.npmjs.org/@vue%2feslint-config-prettier 151ms (cache miss)
139 silly packumentCache corgi:https://registry.npmjs.org/@vue%2feslint-config-prettier set size:undefined disposed:false
140 http fetch GET 200 https://registry.npmjs.org/@vue%2feslint-config-typescript 163ms (cache miss)
141 silly packumentCache corgi:https://registry.npmjs.org/@vue%2feslint-config-typescript set size:undefined disposed:false
142 http fetch GET 200 https://registry.npmjs.org/eslint-config-prettier 184ms (cache miss)
143 silly packumentCache corgi:https://registry.npmjs.org/eslint-config-prettier set size:undefined disposed:false
144 http fetch GET 200 https://registry.npmjs.org/eslint-utils 188ms (cache miss)
145 silly packumentCache corgi:https://registry.npmjs.org/eslint-utils set size:undefined disposed:false
146 http fetch GET 200 https://registry.npmjs.org/eslint-plugin-vue 238ms (cache miss)
147 silly packumentCache corgi:https://registry.npmjs.org/eslint-plugin-vue set size:undefined disposed:false
148 http fetch GET 200 https://registry.npmjs.org/@typescript-eslint%2futils 413ms (cache miss)
149 silly packumentCache corgi:https://registry.npmjs.org/@typescript-eslint%2futils set size:undefined disposed:false
150 http fetch GET 200 https://registry.npmjs.org/@typescript-eslint%2ftype-utils 674ms (cache miss)
151 silly packumentCache corgi:https://registry.npmjs.org/@typescript-eslint%2ftype-utils set size:undefined disposed:false
152 http fetch GET 200 https://registry.npmjs.org/@typescript-eslint%2fparser 922ms (cache miss)
153 silly packumentCache corgi:https://registry.npmjs.org/@typescript-eslint%2fparser set size:undefined disposed:false
154 http fetch GET 200 https://registry.npmjs.org/@typescript-eslint%2feslint-plugin 1463ms (cache miss)
155 silly packumentCache corgi:https://registry.npmjs.org/@typescript-eslint%2feslint-plugin set size:undefined disposed:false
156 silly packumentCache corgi:https://registry.npmjs.org/flat-cache cache-miss
157 http fetch GET 200 https://registry.npmjs.org/flat-cache 38ms (cache miss)
158 silly packumentCache corgi:https://registry.npmjs.org/flat-cache set size:undefined disposed:false
159 silly packumentCache corgi:https://registry.npmjs.org/file-entry-cache cache-miss
160 http fetch GET 200 https://registry.npmjs.org/file-entry-cache 26ms (cache miss)
161 silly packumentCache corgi:https://registry.npmjs.org/file-entry-cache set size:undefined disposed:false
162 silly ADD
163 silly ADD
164 silly ADD
165 silly ADD
166 silly ADD
167 silly ADD
168 silly ADD
169 silly ADD
170 silly ADD
171 silly ADD
172 silly ADD
173 silly ADD
174 silly ADD
175 silly ADD
176 silly ADD
177 silly ADD
178 silly ADD
179 silly ADD
180 silly ADD
181 silly ADD
182 silly ADD
183 silly ADD
184 verbose cwd /opt/atlassian/pipelines/agent/build
185 verbose os Linux 6.1.79
186 verbose node v23.11.1
187 verbose npm  v10.9.2
188 verbose exit 0
189 info ok
